Component: ARM Compiler 5.06 update 6 (build 750) Tool: armlink [4d35ed]

==============================================================================

Section Cross References

    startup_tm4c123.o(STACK) refers (Special) to heapauxi.o(.text) for __use_two_region_memory
    startup_tm4c123.o(HEAP) refers (Special) to heapauxi.o(.text) for __use_two_region_memory
    startup_tm4c123.o(RESET) refers (Special) to heapauxi.o(.text) for __use_two_region_memory
    startup_tm4c123.o(RESET) refers to startup_tm4c123.o(STACK) for __initial_sp
    startup_tm4c123.o(RESET) refers to startup_tm4c123.o(.text) for Reset_Handler
    startup_tm4c123.o(RESET) refers to timer0.o(.text) for TIMER0A_Handler
    startup_tm4c123.o(RESET) refers to timer1.o(.text) for GPIOF_Handler
    startup_tm4c123.o(.text) refers (Special) to heapauxi.o(.text) for __use_two_region_memory
    startup_tm4c123.o(.text) refers to __main.o(!!!main) for __main
    startup_tm4c123.o(.text) refers to startup_tm4c123.o(HEAP) for Heap_Mem
    startup_tm4c123.o(.text) refers to startup_tm4c123.o(STACK) for Stack_Mem
    main.o(.text) refers to st7735.o(.text) for Output_Init()
    main.o(.text) refers to pll.o(.text) for PLL_Init(unsigned)
    main.o(.text) refers to uart.o(.text) for sprite::move(unsigned, unsigned)
    main.o(.text) refers to main.o(.data) for colpre
    main.o(.text) refers to startup_tm4c123.o(.text) for DisableInterrupts
    main.o(.text) refers to slidepot.o(.text) for ADC_Init()
    main.o(.text) refers to main.o(.bss) for array
    main.o(.text) refers to random.o(.text) for Random()
    main.o(.text) refers to timer1.o(.text) for Button_Init()
    main.o(.text) refers to sound.o(.text) for Sound_Init()
    main.o(.text) refers to main.o(.constdata) for cursor
    main.o(.ARM.exidx) refers to main.o(.text) for .text
    main.o(.data) refers to main.o(.constdata) for Names_E
    main.o(.init_array) refers to main.o(.text) for __sti___8_main_cpp_my
    main.o(.init_array) refers to init_aeabi.o(.text) for __cpp_initialize__aeabi_
    dac.o(.ARM.exidx) refers to dac.o(.text) for .text
    pll.o(.ARM.exidx) refers to pll.o(.text) for .text
    random.o(.text) refers to random.o(.data) for M
    random.o(.ARM.exidx) refers to random.o(.text) for .text
    st7735.o(.text) refers to st7735.o(.data) for RowStart
    st7735.o(.text) refers to st7735.o(.constdata) for Bcmd
    st7735.o(.text) refers to st7735.o(.bss) for Message
    st7735.o(.ARM.exidx) refers to st7735.o(.text) for .text
    slidepot.o(.ARM.exidx) refers to slidepot.o(.text) for .text
    sound.o(.text) refers to dac.o(.text) for DAC_Out(unsigned char)
    sound.o(.text) refers to timer0.o(.text) for Timer0_Init(void(*)(), unsigned)
    sound.o(.text) refers to sound.o(.data) for Length
    sound.o(.text) refers to sound.o(.constdata) for click
    sound.o(.ARM.exidx) refers to sound.o(.text) for .text
    timer0.o(.text) refers to timer0.o(.data) for PeriodicTask0
    timer0.o(.ARM.exidx) refers to timer0.o(.text) for .text
    timer1.o(.text) refers to st7735.o(.text) for ST7735_FillRect(short, short, short, short, unsigned short)
    timer1.o(.text) refers to timer1.o(.data) for F0
    timer1.o(.ARM.exidx) refers to timer1.o(.text) for .text
    uart.o(.text) refers to st7735.o(.text) for ST7735_DrawBitmap(short, short, const unsigned short*, short, short)
    uart.o(.ARM.exidx) refers to uart.o(.text) for .text
    fifo.o(.ARM.exidx) refers to fifo.o(.text) for .text
    __main.o(!!!main) refers to __rtentry.o(.ARM.Collect$$rtentry$$00000000) for __rt_entry
    init_aeabi.o(.emb_text) refers (Special) to libinit2.o(.ARM.Collect$$libinit$$00000031) for __rt_lib_init_cpp_2
    init_aeabi.o(.init_array) refers (Special) to libinit2.o(.ARM.Collect$$libinit$$00000031) for __rt_lib_init_cpp_2
    init_aeabi.o(.init_array) refers to init_aeabi.o(.text) for __cpp_initialize__aeabi_
    init_aeabi.o(.dummy_text) refers (Special) to libinit2.o(.ARM.Collect$$libinit$$00000031) for __rt_lib_init_cpp_2
    init_aeabi.o(.text) refers (Special) to libinit2.o(.ARM.Collect$$libinit$$00000031) for __rt_lib_init_cpp_2
    init_aeabi.o(.ARM.exidx) refers (Special) to libinit2.o(.ARM.Collect$$libinit$$00000031) for __rt_lib_init_cpp_2
    init_aeabi.o(.ARM.exidx) refers to init_aeabi.o(.text) for .text
    __rtentry.o(.ARM.Collect$$rtentry$$00000000) refers (Special) to __rtentry2.o(.ARM.Collect$$rtentry$$0000000A) for __rt_entry_li
    __rtentry.o(.ARM.Collect$$rtentry$$00000000) refers (Special) to __rtentry2.o(.ARM.Collect$$rtentry$$0000000D) for __rt_entry_main
    __rtentry.o(.ARM.Collect$$rtentry$$00000000) refers (Special) to __rtentry2.o(.ARM.Collect$$rtentry$$0000000C) for __rt_entry_postli_1
    __rtentry.o(.ARM.Collect$$rtentry$$00000000) refers (Special) to __rtentry2.o(.ARM.Collect$$rtentry$$00000009) for __rt_entry_postsh_1
    __rtentry.o(.ARM.Collect$$rtentry$$00000000) refers (Special) to __rtentry2.o(.ARM.Collect$$rtentry$$00000002) for __rt_entry_presh_1
    __rtentry.o(.ARM.Collect$$rtentry$$00000000) refers (Special) to __rtentry4.o(.ARM.Collect$$rtentry$$00000004) for __rt_entry_sh
    libinit2.o(.ARM.Collect$$libinit$$00000010) refers to libinit2.o(.ARM.Collect$$libinit$$0000000F) for .ARM.Collect$$libinit$$0000000F
    libinit2.o(.ARM.Collect$$libinit$$00000012) refers to libinit2.o(.ARM.Collect$$libinit$$0000000F) for .ARM.Collect$$libinit$$0000000F
    libinit2.o(.ARM.Collect$$libinit$$00000014) refers to libinit2.o(.ARM.Collect$$libinit$$0000000F) for .ARM.Collect$$libinit$$0000000F
    libinit2.o(.ARM.Collect$$libinit$$00000016) refers to libinit2.o(.ARM.Collect$$libinit$$0000000F) for .ARM.Collect$$libinit$$0000000F
    libinit2.o(.ARM.Collect$$libinit$$00000018) refers to libinit2.o(.ARM.Collect$$libinit$$0000000F) for .ARM.Collect$$libinit$$0000000F
    libinit2.o(.ARM.Collect$$libinit$$00000026) refers to argv_veneer.o(.emb_text) for __ARM_argv_veneer
    libinit2.o(.ARM.Collect$$libinit$$00000027) refers to argv_veneer.o(.emb_text) for __ARM_argv_veneer
    libinit2.o(.ARM.Collect$$libinit$$00000031) refers (Weak) to init_aeabi.o(.text) for __cpp_initialize__aeabi_
    __rtentry2.o(.ARM.Collect$$rtentry$$00000008) refers to boardinit2.o(.text) for _platform_post_stackheap_init
    __rtentry2.o(.ARM.Collect$$rtentry$$0000000A) refers to libinit.o(.ARM.Collect$$libinit$$00000000) for __rt_lib_init
    __rtentry2.o(.ARM.Collect$$rtentry$$0000000B) refers to boardinit3.o(.text) for _platform_post_lib_init
    __rtentry2.o(.ARM.Collect$$rtentry$$0000000D) refers to main.o(.text) for main
    __rtentry2.o(.ARM.Collect$$rtentry$$0000000D) refers to exit.o(.text) for exit
    __rtentry2.o(.ARM.exidx) refers to __rtentry2.o(.ARM.Collect$$rtentry$$00000001) for .ARM.Collect$$rtentry$$00000001
    __rtentry2.o(.ARM.exidx) refers to __rtentry2.o(.ARM.Collect$$rtentry$$00000008) for .ARM.Collect$$rtentry$$00000008
    __rtentry2.o(.ARM.exidx) refers to __rtentry2.o(.ARM.Collect$$rtentry$$0000000A) for .ARM.Collect$$rtentry$$0000000A
    __rtentry2.o(.ARM.exidx) refers to __rtentry2.o(.ARM.Collect$$rtentry$$0000000B) for .ARM.Collect$$rtentry$$0000000B
    __rtentry2.o(.ARM.exidx) refers to __rtentry2.o(.ARM.Collect$$rtentry$$0000000D) for .ARM.Collect$$rtentry$$0000000D
    __rtentry4.o(.ARM.Collect$$rtentry$$00000004) refers to sys_stackheap_outer.o(.text) for __user_setup_stackheap
    __rtentry4.o(.ARM.exidx) refers to __rtentry4.o(.ARM.Collect$$rtentry$$00000004) for .ARM.Collect$$rtentry$$00000004
    argv_veneer.o(.emb_text) refers to no_argv.o(.text) for __ARM_get_argv
    sys_stackheap_outer.o(.text) refers to libspace.o(.text) for __user_perproc_libspace
    sys_stackheap_outer.o(.text) refers to startup_tm4c123.o(.text) for __user_initial_stackheap
    exit.o(.text) refers to rtexit.o(.ARM.Collect$$rtexit$$00000000) for __rt_exit
    _get_argv_nomalloc.o(.text) refers (Special) to hrguard.o(.text) for __heap_region$guard
    _get_argv_nomalloc.o(.text) refers to defsig_rtmem_outer.o(.text) for __rt_SIGRTMEM
    _get_argv_nomalloc.o(.text) refers to sys_command.o(.text) for _sys_command_string
    libinit.o(.ARM.Collect$$libinit$$00000000) refers (Special) to libinit2.o(.ARM.Collect$$libinit$$0000002E) for __rt_lib_init_alloca_1
    libinit.o(.ARM.Collect$$libinit$$00000000) refers (Special) to libinit2.o(.ARM.Collect$$libinit$$0000002C) for __rt_lib_init_argv_1
    libinit.o(.ARM.Collect$$libinit$$00000000) refers (Special) to libinit2.o(.ARM.Collect$$libinit$$0000001B) for __rt_lib_init_atexit_1
    libinit.o(.ARM.Collect$$libinit$$00000000) refers (Special) to libinit2.o(.ARM.Collect$$libinit$$00000021) for __rt_lib_init_clock_1
    libinit.o(.ARM.Collect$$libinit$$00000000) refers (Special) to libinit2.o(.ARM.Collect$$libinit$$00000032) for __rt_lib_init_cpp_1
    libinit.o(.ARM.Collect$$libinit$$00000000) refers (Special) to libinit2.o(.ARM.Collect$$libinit$$00000030) for __rt_lib_init_exceptions_1
    libinit.o(.ARM.Collect$$libinit$$00000000) refers (Special) to libinit2.o(.ARM.Collect$$libinit$$00000002) for __rt_lib_init_fp_1
    libinit.o(.ARM.Collect$$libinit$$00000000) refers (Special) to libinit2.o(.ARM.Collect$$libinit$$0000001F) for __rt_lib_init_fp_trap_1
    libinit.o(.ARM.Collect$$libinit$$00000000) refers (Special) to libinit2.o(.ARM.Collect$$libinit$$00000023) for __rt_lib_init_getenv_1
    libinit.o(.ARM.Collect$$libinit$$00000000) refers (Special) to libinit2.o(.ARM.Collect$$libinit$$0000000A) for __rt_lib_init_heap_1
    libinit.o(.ARM.Collect$$libinit$$00000000) refers (Special) to libinit2.o(.ARM.Collect$$libinit$$00000011) for __rt_lib_init_lc_collate_1
    libinit.o(.ARM.Collect$$libinit$$00000000) refers (Special) to libinit2.o(.ARM.Collect$$libinit$$00000013) for __rt_lib_init_lc_ctype_1
    libinit.o(.ARM.Collect$$libinit$$00000000) refers (Special) to libinit2.o(.ARM.Collect$$libinit$$00000015) for __rt_lib_init_lc_monetary_1
    libinit.o(.ARM.Collect$$libinit$$00000000) refers (Special) to libinit2.o(.ARM.Collect$$libinit$$00000017) for __rt_lib_init_lc_numeric_1
    libinit.o(.ARM.Collect$$libinit$$00000000) refers (Special) to libinit2.o(.ARM.Collect$$libinit$$00000019) for __rt_lib_init_lc_time_1
    libinit.o(.ARM.Collect$$libinit$$00000000) refers (Special) to libinit2.o(.ARM.Collect$$libinit$$00000004) for __rt_lib_init_preinit_1
    libinit.o(.ARM.Collect$$libinit$$00000000) refers (Special) to libinit2.o(.ARM.Collect$$libinit$$0000000E) for __rt_lib_init_rand_1
    libinit.o(.ARM.Collect$$libinit$$00000000) refers (Special) to libinit2.o(.ARM.Collect$$libinit$$00000033) for __rt_lib_init_return
    libinit.o(.ARM.Collect$$libinit$$00000000) refers (Special) to libinit2.o(.ARM.Collect$$libinit$$0000001D) for __rt_lib_init_signal_1
    libinit.o(.ARM.Collect$$libinit$$00000000) refers (Special) to libinit2.o(.ARM.Collect$$libinit$$00000025) for __rt_lib_init_stdio_1
    libinit.o(.ARM.Collect$$libinit$$00000000) refers (Special) to libinit2.o(.ARM.Collect$$libinit$$0000000C) for __rt_lib_init_user_alloc_1
    sys_command.o(.text) refers (Special) to use_no_semi.o(.text) for __I$use$semihosting
    sys_command.o(.text) refers (Special) to indicate_semi.o(.text) for __semihosting_library_function
    libspace.o(.text) refers to libspace.o(.bss) for __libspace_start
    rtexit.o(.ARM.Collect$$rtexit$$00000000) refers (Special) to rtexit2.o(.ARM.Collect$$rtexit$$00000004) for __rt_exit_exit
    rtexit.o(.ARM.Collect$$rtexit$$00000000) refers (Special) to rtexit2.o(.ARM.Collect$$rtexit$$00000003) for __rt_exit_ls
    rtexit.o(.ARM.Collect$$rtexit$$00000000) refers (Special) to rtexit2.o(.ARM.Collect$$rtexit$$00000002) for __rt_exit_prels_1
    rtexit.o(.ARM.exidx) refers (Special) to rtexit2.o(.ARM.Collect$$rtexit$$00000004) for __rt_exit_exit
    rtexit.o(.ARM.exidx) refers (Special) to rtexit2.o(.ARM.Collect$$rtexit$$00000003) for __rt_exit_ls
    rtexit.o(.ARM.exidx) refers (Special) to rtexit2.o(.ARM.Collect$$rtexit$$00000002) for __rt_exit_prels_1
    rtexit.o(.ARM.exidx) refers to rtexit.o(.ARM.Collect$$rtexit$$00000000) for .ARM.Collect$$rtexit$$00000000
    defsig_rtmem_outer.o(.text) refers to defsig_rtmem_inner.o(.text) for __rt_SIGRTMEM_inner
    defsig_rtmem_outer.o(.text) refers to defsig_exit.o(.text) for __sig_exit
    defsig_rtmem_formal.o(.text) refers to rt_raise.o(.text) for __rt_raise
    rtexit2.o(.ARM.Collect$$rtexit$$00000003) refers to libshutdown.o(.ARM.Collect$$libshutdown$$00000000) for __rt_lib_shutdown
    rtexit2.o(.ARM.Collect$$rtexit$$00000004) refers to sys_exit.o(.text) for _sys_exit
    rtexit2.o(.ARM.exidx) refers to rtexit2.o(.ARM.Collect$$rtexit$$00000001) for .ARM.Collect$$rtexit$$00000001
    rtexit2.o(.ARM.exidx) refers to rtexit2.o(.ARM.Collect$$rtexit$$00000003) for .ARM.Collect$$rtexit$$00000003
    rtexit2.o(.ARM.exidx) refers to rtexit2.o(.ARM.Collect$$rtexit$$00000004) for .ARM.Collect$$rtexit$$00000004
    rt_raise.o(.text) refers to __raise.o(.text) for __raise
    rt_raise.o(.text) refers to sys_exit.o(.text) for _sys_exit
    defsig_exit.o(.text) refers to sys_exit.o(.text) for _sys_exit
    defsig_rtmem_inner.o(.text) refers to defsig_general.o(.text) for __default_signal_display
    sys_exit.o(.text) refers (Special) to use_no_semi.o(.text) for __I$use$semihosting
    sys_exit.o(.text) refers (Special) to indicate_semi.o(.text) for __semihosting_library_function
    __raise.o(.text) refers to defsig.o(CL$$defsig) for __default_signal_handler
    defsig_general.o(.text) refers to sys_wrch.o(.text) for _ttywrch
    libshutdown.o(.ARM.Collect$$libshutdown$$00000000) refers (Special) to libshutdown2.o(.ARM.Collect$$libshutdown$$00000002) for __rt_lib_shutdown_cpp_1
    libshutdown.o(.ARM.Collect$$libshutdown$$00000000) refers (Special) to libshutdown2.o(.ARM.Collect$$libshutdown$$00000007) for __rt_lib_shutdown_fp_trap_1
    libshutdown.o(.ARM.Collect$$libshutdown$$00000000) refers (Special) to libshutdown2.o(.ARM.Collect$$libshutdown$$0000000F) for __rt_lib_shutdown_heap_1
    libshutdown.o(.ARM.Collect$$libshutdown$$00000000) refers (Special) to libshutdown2.o(.ARM.Collect$$libshutdown$$00000010) for __rt_lib_shutdown_return
    libshutdown.o(.ARM.Collect$$libshutdown$$00000000) refers (Special) to libshutdown2.o(.ARM.Collect$$libshutdown$$0000000A) for __rt_lib_shutdown_signal_1
    libshutdown.o(.ARM.Collect$$libshutdown$$00000000) refers (Special) to libshutdown2.o(.ARM.Collect$$libshutdown$$00000004) for __rt_lib_shutdown_stdio_1
    libshutdown.o(.ARM.Collect$$libshutdown$$00000000) refers (Special) to libshutdown2.o(.ARM.Collect$$libshutdown$$0000000C) for __rt_lib_shutdown_user_alloc_1
    sys_wrch.o(.text) refers (Special) to use_no_semi.o(.text) for __I$use$semihosting
    sys_wrch.o(.text) refers (Special) to indicate_semi.o(.text) for __semihosting_library_function
    defsig.o(CL$$defsig) refers to defsig_rtmem_inner.o(.text) for __rt_SIGRTMEM_inner
    defsig_abrt_inner.o(.text) refers to defsig_general.o(.text) for __default_signal_display
    defsig_fpe_inner.o(.text) refers to defsig_general.o(.text) for __default_signal_display
    defsig_rtred_inner.o(.text) refers to defsig_general.o(.text) for __default_signal_display
    defsig_stak_inner.o(.text) refers to defsig_general.o(.text) for __default_signal_display
    defsig_pvfn_inner.o(.text) refers to defsig_general.o(.text) for __default_signal_display
    defsig_cppl_inner.o(.text) refers to defsig_general.o(.text) for __default_signal_display
    defsig_segv_inner.o(.text) refers to defsig_general.o(.text) for __default_signal_display
    defsig_other.o(.text) refers to defsig_general.o(.text) for __default_signal_display


==============================================================================

Removing Unused input sections from the image.

    Removing main.o(.ARM.exidx), (8 bytes).
    Removing dac.o(.ARM.exidx), (8 bytes).
    Removing pll.o(.ARM.exidx), (8 bytes).
    Removing random.o(.ARM.exidx), (8 bytes).
    Removing st7735.o(.ARM.exidx), (8 bytes).
    Removing slidepot.o(.ARM.exidx), (8 bytes).
    Removing sound.o(.ARM.exidx), (8 bytes).
    Removing timer0.o(.ARM.exidx), (8 bytes).
    Removing timer1.o(.ARM.exidx), (8 bytes).
    Removing uart.o(.ARM.exidx), (8 bytes).
    Removing fifo.o(.text), (28 bytes).
    Removing fifo.o(.ARM.exidx), (8 bytes).

12 unused section(s) (total 116 bytes) removed from the image.

==============================================================================

Image Symbol Table

    Local Symbols

    Symbol Name                              Value     Ov Type        Size  Object(Section)

    RESET                                    0x00000000   Section      620  startup_tm4c123.o(RESET)
    ../clib/angel/boardlib.s                 0x00000000   Number         0  boardinit2.o ABSOLUTE
    ../clib/angel/boardlib.s                 0x00000000   Number         0  boardinit3.o ABSOLUTE
    ../clib/angel/boardlib.s                 0x00000000   Number         0  boardshut.o ABSOLUTE
    ../clib/angel/boardlib.s                 0x00000000   Number         0  boardinit1.o ABSOLUTE
    ../clib/angel/handlers.s                 0x00000000   Number         0  __scatter_zi.o ABSOLUTE
    ../clib/angel/handlers.s                 0x00000000   Number         0  __scatter_copy.o ABSOLUTE
    ../clib/angel/kernel.s                   0x00000000   Number         0  rtexit.o ABSOLUTE
    ../clib/angel/kernel.s                   0x00000000   Number         0  __rtentry.o ABSOLUTE
    ../clib/angel/kernel.s                   0x00000000   Number         0  rtexit2.o ABSOLUTE
    ../clib/angel/kernel.s                   0x00000000   Number         0  __rtentry4.o ABSOLUTE
    ../clib/angel/kernel.s                   0x00000000   Number         0  __rtentry2.o ABSOLUTE
    ../clib/angel/rt.s                       0x00000000   Number         0  rt_raise.o ABSOLUTE
    ../clib/angel/scatter.s                  0x00000000   Number         0  __scatter.o ABSOLUTE
    ../clib/angel/startup.s                  0x00000000   Number         0  __main.o ABSOLUTE
    ../clib/angel/sys.s                      0x00000000   Number         0  use_no_semi.o ABSOLUTE
    ../clib/angel/sys.s                      0x00000000   Number         0  indicate_semi.o ABSOLUTE
    ../clib/angel/sys.s                      0x00000000   Number         0  libspace.o ABSOLUTE
    ../clib/angel/sys.s                      0x00000000   Number         0  sys_stackheap_outer.o ABSOLUTE
    ../clib/angel/sysapp.c                   0x00000000   Number         0  sys_exit.o ABSOLUTE
    ../clib/angel/sysapp.c                   0x00000000   Number         0  sys_wrch.o ABSOLUTE
    ../clib/angel/sysapp.c                   0x00000000   Number         0  sys_command.o ABSOLUTE
    ../clib/arm_runtime.c                    0x00000000   Number         0  init_aeabi.o ABSOLUTE
    ../clib/arm_runtime.c                    0x00000000   Number         0  init_aeabi.o ABSOLUTE
    ../clib/armsys.c                         0x00000000   Number         0  _get_argv_nomalloc.o ABSOLUTE
    ../clib/armsys.c                         0x00000000   Number         0  no_argv.o ABSOLUTE
    ../clib/armsys.c                         0x00000000   Number         0  argv_veneer.o ABSOLUTE
    ../clib/armsys.c                         0x00000000   Number         0  argv_veneer.o ABSOLUTE
    ../clib/heapalloc.c                      0x00000000   Number         0  hrguard.o ABSOLUTE
    ../clib/heapaux.c                        0x00000000   Number         0  heapauxi.o ABSOLUTE
    ../clib/libinit.s                        0x00000000   Number         0  libshutdown2.o ABSOLUTE
    ../clib/libinit.s                        0x00000000   Number         0  libinit2.o ABSOLUTE
    ../clib/libinit.s                        0x00000000   Number         0  libinit.o ABSOLUTE
    ../clib/libinit.s                        0x00000000   Number         0  libshutdown.o ABSOLUTE
    ../clib/signal.c                         0x00000000   Number         0  defsig_segv_inner.o ABSOLUTE
    ../clib/signal.c                         0x00000000   Number         0  defsig_abrt_inner.o ABSOLUTE
    ../clib/signal.c                         0x00000000   Number         0  defsig_general.o ABSOLUTE
    ../clib/signal.c                         0x00000000   Number         0  defsig_fpe_inner.o ABSOLUTE
    ../clib/signal.c                         0x00000000   Number         0  __raise.o ABSOLUTE
    ../clib/signal.c                         0x00000000   Number         0  defsig_rtmem_formal.o ABSOLUTE
    ../clib/signal.c                         0x00000000   Number         0  defsig_rtmem_outer.o ABSOLUTE
    ../clib/signal.c                         0x00000000   Number         0  defsig_cppl_inner.o ABSOLUTE
    ../clib/signal.c                         0x00000000   Number         0  defsig_pvfn_inner.o ABSOLUTE
    ../clib/signal.c                         0x00000000   Number         0  defsig_stak_inner.o ABSOLUTE
    ../clib/signal.c                         0x00000000   Number         0  defsig_rtred_inner.o ABSOLUTE
    ../clib/signal.c                         0x00000000   Number         0  defsig_rtmem_inner.o ABSOLUTE
    ../clib/signal.c                         0x00000000   Number         0  defsig_exit.o ABSOLUTE
    ../clib/signal.c                         0x00000000   Number         0  defsig_other.o ABSOLUTE
    ../clib/signal.s                         0x00000000   Number         0  defsig.o ABSOLUTE
    ../clib/stdlib.c                         0x00000000   Number         0  exit.o ABSOLUTE
    ../fplib/fpinit.s                        0x00000000   Number         0  fpinit.o ABSOLUTE
    DAC.cpp                                  0x00000000   Number         0  dac.o ABSOLUTE
    FIFO.cpp                                 0x00000000   Number         0  fifo.o ABSOLUTE
    PLL.cpp                                  0x00000000   Number         0  pll.o ABSOLUTE
    ST7735.cpp                               0x00000000   Number         0  st7735.o ABSOLUTE
    SlidePot.cpp                             0x00000000   Number         0  slidepot.o ABSOLUTE
    Sound.cpp                                0x00000000   Number         0  sound.o ABSOLUTE
    Timer0.cpp                               0x00000000   Number         0  timer0.o ABSOLUTE
    Timer1.cpp                               0x00000000   Number         0  timer1.o ABSOLUTE
    UART.cpp                                 0x00000000   Number         0  uart.o ABSOLUTE
    dc.s                                     0x00000000   Number         0  dc.o ABSOLUTE
    main.cpp                                 0x00000000   Number         0  main.o ABSOLUTE
    random.cpp                               0x00000000   Number         0  random.o ABSOLUTE
    startup_TM4C123.s                        0x00000000   Number         0  startup_tm4c123.o ABSOLUTE
    !!!main                                  0x0000026c   Section        8  __main.o(!!!main)
    !!!scatter                               0x00000274   Section       52  __scatter.o(!!!scatter)
    !!handler_copy                           0x000002a8   Section       26  __scatter_copy.o(!!handler_copy)
    !!handler_zi                             0x000002c4   Section       28  __scatter_zi.o(!!handler_zi)
    .ARM.Collect$$libinit$$00000000          0x000002e0   Section        2  libinit.o(.ARM.Collect$$libinit$$00000000)
    .ARM.Collect$$libinit$$00000002          0x000002e2   Section        0  libinit2.o(.ARM.Collect$$libinit$$00000002)
    .ARM.Collect$$libinit$$00000004          0x000002e2   Section        0  libinit2.o(.ARM.Collect$$libinit$$00000004)
    .ARM.Collect$$libinit$$0000000A          0x000002e2   Section        0  libinit2.o(.ARM.Collect$$libinit$$0000000A)
    .ARM.Collect$$libinit$$0000000C          0x000002e2   Section        0  libinit2.o(.ARM.Collect$$libinit$$0000000C)
    .ARM.Collect$$libinit$$0000000E          0x000002e2   Section        0  libinit2.o(.ARM.Collect$$libinit$$0000000E)
    .ARM.Collect$$libinit$$00000011          0x000002e2   Section        0  libinit2.o(.ARM.Collect$$libinit$$00000011)
    .ARM.Collect$$libinit$$00000013          0x000002e2   Section        0  libinit2.o(.ARM.Collect$$libinit$$00000013)
    .ARM.Collect$$libinit$$00000015          0x000002e2   Section        0  libinit2.o(.ARM.Collect$$libinit$$00000015)
    .ARM.Collect$$libinit$$00000017          0x000002e2   Section        0  libinit2.o(.ARM.Collect$$libinit$$00000017)
    .ARM.Collect$$libinit$$00000019          0x000002e2   Section        0  libinit2.o(.ARM.Collect$$libinit$$00000019)
    .ARM.Collect$$libinit$$0000001B          0x000002e2   Section        0  libinit2.o(.ARM.Collect$$libinit$$0000001B)
    .ARM.Collect$$libinit$$0000001D          0x000002e2   Section        0  libinit2.o(.ARM.Collect$$libinit$$0000001D)
    .ARM.Collect$$libinit$$0000001F          0x000002e2   Section        0  libinit2.o(.ARM.Collect$$libinit$$0000001F)
    .ARM.Collect$$libinit$$00000021          0x000002e2   Section        0  libinit2.o(.ARM.Collect$$libinit$$00000021)
    .ARM.Collect$$libinit$$00000023          0x000002e2   Section        0  libinit2.o(.ARM.Collect$$libinit$$00000023)
    .ARM.Collect$$libinit$$00000025          0x000002e2   Section        0  libinit2.o(.ARM.Collect$$libinit$$00000025)
    .ARM.Collect$$libinit$$0000002C          0x000002e2   Section        0  libinit2.o(.ARM.Collect$$libinit$$0000002C)
    .ARM.Collect$$libinit$$0000002E          0x000002e2   Section        0  libinit2.o(.ARM.Collect$$libinit$$0000002E)
    .ARM.Collect$$libinit$$00000030          0x000002e2   Section        0  libinit2.o(.ARM.Collect$$libinit$$00000030)
    .ARM.Collect$$libinit$$00000031          0x000002e2   Section        4  libinit2.o(.ARM.Collect$$libinit$$00000031)
    .ARM.Collect$$libinit$$00000032          0x000002e6   Section        0  libinit2.o(.ARM.Collect$$libinit$$00000032)
    .ARM.Collect$$libinit$$00000033          0x000002e6   Section        2  libinit2.o(.ARM.Collect$$libinit$$00000033)
    .ARM.Collect$$libshutdown$$00000000      0x000002e8   Section        2  libshutdown.o(.ARM.Collect$$libshutdown$$00000000)
    .ARM.Collect$$libshutdown$$00000002      0x000002ea   Section        0  libshutdown2.o(.ARM.Collect$$libshutdown$$00000002)
    .ARM.Collect$$libshutdown$$00000004      0x000002ea   Section        0  libshutdown2.o(.ARM.Collect$$libshutdown$$00000004)
    .ARM.Collect$$libshutdown$$00000007      0x000002ea   Section        0  libshutdown2.o(.ARM.Collect$$libshutdown$$00000007)
    .ARM.Collect$$libshutdown$$0000000A      0x000002ea   Section        0  libshutdown2.o(.ARM.Collect$$libshutdown$$0000000A)
    .ARM.Collect$$libshutdown$$0000000C      0x000002ea   Section        0  libshutdown2.o(.ARM.Collect$$libshutdown$$0000000C)
    .ARM.Collect$$libshutdown$$0000000F      0x000002ea   Section        0  libshutdown2.o(.ARM.Collect$$libshutdown$$0000000F)
    .ARM.Collect$$libshutdown$$00000010      0x000002ea   Section        2  libshutdown2.o(.ARM.Collect$$libshutdown$$00000010)
    .ARM.Collect$$rtentry$$00000000          0x000002ec   Section        0  __rtentry.o(.ARM.Collect$$rtentry$$00000000)
    .ARM.Collect$$rtentry$$00000002          0x000002ec   Section        0  __rtentry2.o(.ARM.Collect$$rtentry$$00000002)
    .ARM.Collect$$rtentry$$00000004          0x000002ec   Section        6  __rtentry4.o(.ARM.Collect$$rtentry$$00000004)
    .ARM.Collect$$rtentry$$00000009          0x000002f2   Section        0  __rtentry2.o(.ARM.Collect$$rtentry$$00000009)
    .ARM.Collect$$rtentry$$0000000A          0x000002f2   Section        4  __rtentry2.o(.ARM.Collect$$rtentry$$0000000A)
    .ARM.Collect$$rtentry$$0000000C          0x000002f6   Section        0  __rtentry2.o(.ARM.Collect$$rtentry$$0000000C)
    .ARM.Collect$$rtentry$$0000000D          0x000002f6   Section        8  __rtentry2.o(.ARM.Collect$$rtentry$$0000000D)
    .ARM.Collect$$rtexit$$00000000           0x000002fe   Section        2  rtexit.o(.ARM.Collect$$rtexit$$00000000)
    .ARM.Collect$$rtexit$$00000002           0x00000300   Section        0  rtexit2.o(.ARM.Collect$$rtexit$$00000002)
    .ARM.Collect$$rtexit$$00000003           0x00000300   Section        4  rtexit2.o(.ARM.Collect$$rtexit$$00000003)
    .ARM.Collect$$rtexit$$00000004           0x00000304   Section        6  rtexit2.o(.ARM.Collect$$rtexit$$00000004)
    .text                                    0x0000030c   Section      296  startup_tm4c123.o(.text)
    .text                                    0x00000434   Section        0  main.o(.text)
    __sti___8_main_cpp_my                    0x000013c1   Thumb Code    16  main.o(.text)
    .text                                    0x000013f0   Section        0  dac.o(.text)
    .text                                    0x00001430   Section        0  pll.o(.text)
    .text                                    0x000014ac   Section        0  random.o(.text)
    .text                                    0x000014ec   Section        0  st7735.o(.text)
    writecommand(unsigned char)              0x000014ed   Thumb Code    46  st7735.o(.text)
    writedata(unsigned char)                 0x0000151b   Thumb Code    26  st7735.o(.text)
    deselect()                               0x00001535   Thumb Code    24  st7735.o(.text)
    commandList(const unsigned char*)        0x0000156d   Thumb Code    86  st7735.o(.text)
    commonInit(const unsigned char*)         0x000015c3   Thumb Code   342  st7735.o(.text)
    setAddrWindow(unsigned char, unsigned char, unsigned char, unsigned char) 0x00001719   Thumb Code   106  st7735.o(.text)
    pushColor(unsigned short)                0x00001939   Thumb Code    18  st7735.o(.text)
    .text                                    0x000025e4   Section        0  slidepot.o(.text)
    .text                                    0x0000274c   Section        0  sound.o(.text)
    .text                                    0x000027f0   Section        0  timer0.o(.text)
    .text                                    0x00002860   Section        0  timer1.o(.text)
    .text                                    0x000029dc   Section        0  uart.o(.text)
    .text                                    0x00002a12   Section        0  heapauxi.o(.text)
    .text                                    0x00002a18   Section        0  init_aeabi.o(.text)
    .text                                    0x00002a3c   Section       74  sys_stackheap_outer.o(.text)
    .text                                    0x00002a86   Section        0  exit.o(.text)
    .text                                    0x00002a98   Section        8  libspace.o(.text)
    .text                                    0x00002aa0   Section        2  use_no_semi.o(.text)
    .text                                    0x00002aa2   Section        0  indicate_semi.o(.text)
    .text                                    0x00002aa4   Section        0  sys_exit.o(.text)
    .constdata                               0x00002ab0   Section      616  main.o(.constdata)
    cursor                                   0x00002ab0   Data         200  main.o(.constdata)
    Names_E                                  0x00002b78   Data          25  main.o(.constdata)
    Names_F                                  0x00002b91   Data          25  main.o(.constdata)
    Action_E                                 0x00002baa   Data          18  main.o(.constdata)
    Action_F                                 0x00002bbc   Data          22  main.o(.constdata)
    SelCol_E                                 0x00002bd2   Data          19  main.o(.constdata)
    SelCol_F                                 0x00002be5   Data          19  main.o(.constdata)
    P1_Win_E                                 0x00002bf8   Data          15  main.o(.constdata)
    P1_Win_F                                 0x00002c07   Data          18  main.o(.constdata)
    P2_Win_E                                 0x00002c19   Data          13  main.o(.constdata)
    P2_Win_F                                 0x00002c26   Data          13  main.o(.constdata)
    InvalMov_E                               0x00002c33   Data          14  main.o(.constdata)
    InvalMov_F                               0x00002c41   Data          18  main.o(.constdata)
    Language_E                               0x00002c53   Data           8  main.o(.constdata)
    Language_F                               0x00002c5b   Data           9  main.o(.constdata)
    P1_Turn_E                                0x00002c64   Data          16  main.o(.constdata)
    P1_Turn_F                                0x00002c74   Data          17  main.o(.constdata)
    P2_Turn_E                                0x00002c85   Data          11  main.o(.constdata)
    P2_Turn_F                                0x00002c90   Data          12  main.o(.constdata)
    Yes_E                                    0x00002c9c   Data           4  main.o(.constdata)
    Yes_F                                    0x00002ca0   Data           4  main.o(.constdata)
    No_E                                     0x00002ca4   Data           3  main.o(.constdata)
    No_F                                     0x00002ca7   Data           4  main.o(.constdata)
    Thanks_E                                 0x00002cab   Data          20  main.o(.constdata)
    Thanks_F                                 0x00002cbf   Data          18  main.o(.constdata)
    Final_E                                  0x00002cd1   Data          14  main.o(.constdata)
    Final_F                                  0x00002cdf   Data          15  main.o(.constdata)
    No_win_E                                 0x00002cee   Data          14  main.o(.constdata)
    No_win_F                                 0x00002cfc   Data          28  main.o(.constdata)
    .constdata                               0x00002d18   Section     2114  st7735.o(.constdata)
    Font                                     0x00002d18   Data        1275  st7735.o(.constdata)
    Bcmd                                     0x00003213   Data         103  st7735.o(.constdata)
    Rcmd1                                    0x0000327a   Data          59  st7735.o(.constdata)
    Rcmd2green                               0x000032b5   Data          13  st7735.o(.constdata)
    Rcmd2red                                 0x000032c2   Data          13  st7735.o(.constdata)
    Rcmd3                                    0x000032cf   Data          43  st7735.o(.constdata)
    smallCircle                              0x000032fa   Data          36  st7735.o(.constdata)
    circle                                   0x0000331e   Data          60  st7735.o(.constdata)
    dBfs                                     0x0000335a   Data         512  st7735.o(.constdata)
    .constdata                               0x0000355a   Section    46619  sound.o(.constdata)
    click                                    0x0000355a   Data        1211  sound.o(.constdata)
    win                                      0x00003a15   Data       18944  sound.o(.constdata)
    lose                                     0x00008415   Data       26464  sound.o(.constdata)
    .init_array                              0x0000eb98   Section        4  main.o(.init_array)
    .init_array                              0x0000eb9c   Section        0  init_aeabi.o(.init_array)
    .data                                    0x20000000   Section      140  main.o(.data)
    .data                                    0x2000008c   Section        4  random.o(.data)
    M                                        0x2000008c   Data           4  random.o(.data)
    .data                                    0x20000090   Section       44  st7735.o(.data)
    ColStart                                 0x2000009a   Data           1  st7735.o(.data)
    RowStart                                 0x2000009b   Data           1  st7735.o(.data)
    Rotation                                 0x2000009c   Data           1  st7735.o(.data)
    TabColor                                 0x2000009d   Data           1  st7735.o(.data)
    _width                                   0x2000009e   Data           2  st7735.o(.data)
    _height                                  0x200000a0   Data           2  st7735.o(.data)
    .data                                    0x200000bc   Section        8  sound.o(.data)
    .data                                    0x200000c4   Section        4  timer0.o(.data)
    .data                                    0x200000c8   Section       12  timer1.o(.data)
    .bss                                     0x200000d4   Section       62  main.o(.bss)
    .bss                                     0x20000112   Section       12  st7735.o(.bss)
    .bss                                     0x20000120   Section       96  libspace.o(.bss)
    HEAP                                     0x20000180   Section     1024  startup_tm4c123.o(HEAP)
    Heap_Mem                                 0x20000180   Data        1024  startup_tm4c123.o(HEAP)
    STACK                                    0x20000580   Section     1024  startup_tm4c123.o(STACK)
    Stack_Mem                                0x20000580   Data        1024  startup_tm4c123.o(STACK)
    __initial_sp                             0x20000980   Data           0  startup_tm4c123.o(STACK)

    Global Symbols

    Symbol Name                              Value     Ov Type        Size  Object(Section)

    BuildAttributes$$THM_ISAv4$E$P$D$K$B$S$7EM$PE$A:L22UL41UL21$X:L11$S22US41US21$IEEE1$IW$USESV6$~STKCKD$USESV7$~SHL$OSPACE$ROPI$EBA8$UX$STANDARDLIB$REQ8$PRES8$EABIv2 0x00000000   Number         0  anon$$obj.o ABSOLUTE
    __ARM_use_no_argv                        0x00000000   Number         0  main.o ABSOLUTE
    __Vectors                                0x00000000   Data           4  startup_tm4c123.o(RESET)
    __ARM_exceptions_init                     - Undefined Weak Reference
    __alloca_initialize                       - Undefined Weak Reference
    __arm_preinit_                            - Undefined Weak Reference
    __cxa_finalize                            - Undefined Weak Reference
    __rt_locale                               - Undefined Weak Reference
    __sigvec_lookup                           - Undefined Weak Reference
    _atexit_init                              - Undefined Weak Reference
    _call_atexit_fns                          - Undefined Weak Reference
    _clock_init                               - Undefined Weak Reference
    _fp_trap_init                             - Undefined Weak Reference
    _fp_trap_shutdown                         - Undefined Weak Reference
    _get_lc_collate                           - Undefined Weak Reference
    _get_lc_ctype                             - Undefined Weak Reference
    _get_lc_monetary                          - Undefined Weak Reference
    _get_lc_numeric                           - Undefined Weak Reference
    _get_lc_time                              - Undefined Weak Reference
    _getenv_init                              - Undefined Weak Reference
    _handle_redirection                       - Undefined Weak Reference
    _init_alloc                               - Undefined Weak Reference
    _init_user_alloc                          - Undefined Weak Reference
    _initio                                   - Undefined Weak Reference
    _rand_init                                - Undefined Weak Reference
    _signal_finish                            - Undefined Weak Reference
    _signal_init                              - Undefined Weak Reference
    _terminate_alloc                          - Undefined Weak Reference
    _terminate_user_alloc                     - Undefined Weak Reference
    _terminateio                              - Undefined Weak Reference
    __Vectors_End                            0x0000026c   Data           0  startup_tm4c123.o(RESET)
    __Vectors_Size                           0x0000026c   Number         0  startup_tm4c123.o ABSOLUTE
    __main                                   0x0000026d   Thumb Code     8  __main.o(!!!main)
    __scatterload                            0x00000275   Thumb Code     0  __scatter.o(!!!scatter)
    __scatterload_rt2                        0x00000275   Thumb Code    44  __scatter.o(!!!scatter)
    __scatterload_rt2_thumb_only             0x00000275   Thumb Code     0  __scatter.o(!!!scatter)
    __scatterload_null                       0x00000283   Thumb Code     0  __scatter.o(!!!scatter)
    __scatterload_copy                       0x000002a9   Thumb Code    26  __scatter_copy.o(!!handler_copy)
    __scatterload_zeroinit                   0x000002c5   Thumb Code    28  __scatter_zi.o(!!handler_zi)
    __rt_lib_init                            0x000002e1   Thumb Code     0  libinit.o(.ARM.Collect$$libinit$$00000000)
    __rt_lib_init_alloca_1                   0x000002e3   Thumb Code     0  libinit2.o(.ARM.Collect$$libinit$$0000002E)
    __rt_lib_init_argv_1                     0x000002e3   Thumb Code     0  libinit2.o(.ARM.Collect$$libinit$$0000002C)
    __rt_lib_init_atexit_1                   0x000002e3   Thumb Code     0  libinit2.o(.ARM.Collect$$libinit$$0000001B)
    __rt_lib_init_clock_1                    0x000002e3   Thumb Code     0  libinit2.o(.ARM.Collect$$libinit$$00000021)
    __rt_lib_init_cpp_2                      0x000002e3   Thumb Code     0  libinit2.o(.ARM.Collect$$libinit$$00000031)
    __rt_lib_init_exceptions_1               0x000002e3   Thumb Code     0  libinit2.o(.ARM.Collect$$libinit$$00000030)
    __rt_lib_init_fp_1                       0x000002e3   Thumb Code     0  libinit2.o(.ARM.Collect$$libinit$$00000002)
    __rt_lib_init_fp_trap_1                  0x000002e3   Thumb Code     0  libinit2.o(.ARM.Collect$$libinit$$0000001F)
    __rt_lib_init_getenv_1                   0x000002e3   Thumb Code     0  libinit2.o(.ARM.Collect$$libinit$$00000023)
    __rt_lib_init_heap_1                     0x000002e3   Thumb Code     0  libinit2.o(.ARM.Collect$$libinit$$0000000A)
    __rt_lib_init_lc_collate_1               0x000002e3   Thumb Code     0  libinit2.o(.ARM.Collect$$libinit$$00000011)
    __rt_lib_init_lc_ctype_1                 0x000002e3   Thumb Code     0  libinit2.o(.ARM.Collect$$libinit$$00000013)
    __rt_lib_init_lc_monetary_1              0x000002e3   Thumb Code     0  libinit2.o(.ARM.Collect$$libinit$$00000015)
    __rt_lib_init_lc_numeric_1               0x000002e3   Thumb Code     0  libinit2.o(.ARM.Collect$$libinit$$00000017)
    __rt_lib_init_lc_time_1                  0x000002e3   Thumb Code     0  libinit2.o(.ARM.Collect$$libinit$$00000019)
    __rt_lib_init_preinit_1                  0x000002e3   Thumb Code     0  libinit2.o(.ARM.Collect$$libinit$$00000004)
    __rt_lib_init_rand_1                     0x000002e3   Thumb Code     0  libinit2.o(.ARM.Collect$$libinit$$0000000E)
    __rt_lib_init_signal_1                   0x000002e3   Thumb Code     0  libinit2.o(.ARM.Collect$$libinit$$0000001D)
    __rt_lib_init_stdio_1                    0x000002e3   Thumb Code     0  libinit2.o(.ARM.Collect$$libinit$$00000025)
    __rt_lib_init_user_alloc_1               0x000002e3   Thumb Code     0  libinit2.o(.ARM.Collect$$libinit$$0000000C)
    __rt_lib_init_cpp_1                      0x000002e7   Thumb Code     0  libinit2.o(.ARM.Collect$$libinit$$00000032)
    __rt_lib_init_return                     0x000002e7   Thumb Code     0  libinit2.o(.ARM.Collect$$libinit$$00000033)
    __rt_lib_shutdown                        0x000002e9   Thumb Code     0  libshutdown.o(.ARM.Collect$$libshutdown$$00000000)
    __rt_lib_shutdown_cpp_1                  0x000002eb   Thumb Code     0  libshutdown2.o(.ARM.Collect$$libshutdown$$00000002)
    __rt_lib_shutdown_fp_trap_1              0x000002eb   Thumb Code     0  libshutdown2.o(.ARM.Collect$$libshutdown$$00000007)
    __rt_lib_shutdown_heap_1                 0x000002eb   Thumb Code     0  libshutdown2.o(.ARM.Collect$$libshutdown$$0000000F)
    __rt_lib_shutdown_return                 0x000002eb   Thumb Code     0  libshutdown2.o(.ARM.Collect$$libshutdown$$00000010)
    __rt_lib_shutdown_signal_1               0x000002eb   Thumb Code     0  libshutdown2.o(.ARM.Collect$$libshutdown$$0000000A)
    __rt_lib_shutdown_stdio_1                0x000002eb   Thumb Code     0  libshutdown2.o(.ARM.Collect$$libshutdown$$00000004)
    __rt_lib_shutdown_user_alloc_1           0x000002eb   Thumb Code     0  libshutdown2.o(.ARM.Collect$$libshutdown$$0000000C)
    __rt_entry                               0x000002ed   Thumb Code     0  __rtentry.o(.ARM.Collect$$rtentry$$00000000)
    __rt_entry_presh_1                       0x000002ed   Thumb Code     0  __rtentry2.o(.ARM.Collect$$rtentry$$00000002)
    __rt_entry_sh                            0x000002ed   Thumb Code     0  __rtentry4.o(.ARM.Collect$$rtentry$$00000004)
    __rt_entry_li                            0x000002f3   Thumb Code     0  __rtentry2.o(.ARM.Collect$$rtentry$$0000000A)
    __rt_entry_postsh_1                      0x000002f3   Thumb Code     0  __rtentry2.o(.ARM.Collect$$rtentry$$00000009)
    __rt_entry_main                          0x000002f7   Thumb Code     0  __rtentry2.o(.ARM.Collect$$rtentry$$0000000D)
    __rt_entry_postli_1                      0x000002f7   Thumb Code     0  __rtentry2.o(.ARM.Collect$$rtentry$$0000000C)
    __rt_exit                                0x000002ff   Thumb Code     0  rtexit.o(.ARM.Collect$$rtexit$$00000000)
    __rt_exit_ls                             0x00000301   Thumb Code     0  rtexit2.o(.ARM.Collect$$rtexit$$00000003)
    __rt_exit_prels_1                        0x00000301   Thumb Code     0  rtexit2.o(.ARM.Collect$$rtexit$$00000002)
    __rt_exit_exit                           0x00000305   Thumb Code     0  rtexit2.o(.ARM.Collect$$rtexit$$00000004)
    Reset_Handler                            0x0000030d   Thumb Code     4  startup_tm4c123.o(.text)
    DisableInterrupts                        0x00000311   Thumb Code     4  startup_tm4c123.o(.text)
    EnableInterrupts                         0x00000315   Thumb Code     4  startup_tm4c123.o(.text)
    StartCritical                            0x00000319   Thumb Code     8  startup_tm4c123.o(.text)
    EndCritical                              0x00000321   Thumb Code     6  startup_tm4c123.o(.text)
    WaitForInterrupt                         0x00000327   Thumb Code     4  startup_tm4c123.o(.text)
    NMI_Handler                              0x0000032b   Thumb Code     2  startup_tm4c123.o(.text)
    HardFault_Handler                        0x0000032d   Thumb Code     2  startup_tm4c123.o(.text)
    MemManage_Handler                        0x0000032f   Thumb Code     2  startup_tm4c123.o(.text)
    BusFault_Handler                         0x00000331   Thumb Code     2  startup_tm4c123.o(.text)
    UsageFault_Handler                       0x00000333   Thumb Code     2  startup_tm4c123.o(.text)
    SVC_Handler                              0x00000335   Thumb Code     2  startup_tm4c123.o(.text)
    DebugMon_Handler                         0x00000337   Thumb Code     2  startup_tm4c123.o(.text)
    PendSV_Handler                           0x00000339   Thumb Code     2  startup_tm4c123.o(.text)
    SysTick_Handler                          0x0000033b   Thumb Code     2  startup_tm4c123.o(.text)
    GPIOA_Handler                            0x0000033d   Thumb Code     2  startup_tm4c123.o(.text)
    GPIOB_Handler                            0x0000033f   Thumb Code     2  startup_tm4c123.o(.text)
    GPIOC_Handler                            0x00000341   Thumb Code     2  startup_tm4c123.o(.text)
    GPIOD_Handler                            0x00000343   Thumb Code     2  startup_tm4c123.o(.text)
    GPIOE_Handler                            0x00000345   Thumb Code     2  startup_tm4c123.o(.text)
    UART0_Handler                            0x00000347   Thumb Code     2  startup_tm4c123.o(.text)
    UART1_Handler                            0x00000349   Thumb Code     2  startup_tm4c123.o(.text)
    SSI0_Handler                             0x0000034b   Thumb Code     2  startup_tm4c123.o(.text)
    I2C0_Handler                             0x0000034d   Thumb Code     2  startup_tm4c123.o(.text)
    PMW0_FAULT_Handler                       0x0000034f   Thumb Code     2  startup_tm4c123.o(.text)
    PWM0_0_Handler                           0x00000351   Thumb Code     2  startup_tm4c123.o(.text)
    PWM0_1_Handler                           0x00000353   Thumb Code     2  startup_tm4c123.o(.text)
    PWM0_2_Handler                           0x00000355   Thumb Code     2  startup_tm4c123.o(.text)
    QEI0_Handler                             0x00000357   Thumb Code     2  startup_tm4c123.o(.text)
    ADC0SS0_Handler                          0x00000359   Thumb Code     2  startup_tm4c123.o(.text)
    ADC0SS1_Handler                          0x0000035b   Thumb Code     2  startup_tm4c123.o(.text)
    ADC0SS2_Handler                          0x0000035d   Thumb Code     2  startup_tm4c123.o(.text)
    ADC0SS3_Handler                          0x0000035f   Thumb Code     2  startup_tm4c123.o(.text)
    WDT0_Handler                             0x00000361   Thumb Code     2  startup_tm4c123.o(.text)
    TIMER0B_Handler                          0x00000365   Thumb Code     2  startup_tm4c123.o(.text)
    TIMER1A_Handler                          0x00000367   Thumb Code     2  startup_tm4c123.o(.text)
    TIMER1B_Handler                          0x00000369   Thumb Code     2  startup_tm4c123.o(.text)
    TIMER2A_Handler                          0x0000036b   Thumb Code     2  startup_tm4c123.o(.text)
    TIMER2B_Handler                          0x0000036d   Thumb Code     2  startup_tm4c123.o(.text)
    COMP0_Handler                            0x0000036f   Thumb Code     2  startup_tm4c123.o(.text)
    COMP1_Handler                            0x00000371   Thumb Code     2  startup_tm4c123.o(.text)
    COMP2_Handler                            0x00000373   Thumb Code     2  startup_tm4c123.o(.text)
    SYSCTL_Handler                           0x00000375   Thumb Code     2  startup_tm4c123.o(.text)
    FLASH_Handler                            0x00000377   Thumb Code     2  startup_tm4c123.o(.text)
    GPIOG_Handler                            0x0000037b   Thumb Code     2  startup_tm4c123.o(.text)
    GPIOH_Handler                            0x0000037d   Thumb Code     2  startup_tm4c123.o(.text)
    UART2_Handler                            0x0000037f   Thumb Code     2  startup_tm4c123.o(.text)
    SSI1_Handler                             0x00000381   Thumb Code     2  startup_tm4c123.o(.text)
    TIMER3A_Handler                          0x00000383   Thumb Code     2  startup_tm4c123.o(.text)
    TIMER3B_Handler                          0x00000385   Thumb Code     2  startup_tm4c123.o(.text)
    I2C1_Handler                             0x00000387   Thumb Code     2  startup_tm4c123.o(.text)
    QEI1_Handler                             0x00000389   Thumb Code     2  startup_tm4c123.o(.text)
    CAN0_Handler                             0x0000038b   Thumb Code     2  startup_tm4c123.o(.text)
    CAN1_Handler                             0x0000038d   Thumb Code     2  startup_tm4c123.o(.text)
    CAN2_Handler                             0x0000038f   Thumb Code     2  startup_tm4c123.o(.text)
    HIB_Handler                              0x00000391   Thumb Code     2  startup_tm4c123.o(.text)
    USB0_Handler                             0x00000393   Thumb Code     2  startup_tm4c123.o(.text)
    PWM0_3_Handler                           0x00000395   Thumb Code     2  startup_tm4c123.o(.text)
    UDMA_Handler                             0x00000397   Thumb Code     2  startup_tm4c123.o(.text)
    UDMAERR_Handler                          0x00000399   Thumb Code     2  startup_tm4c123.o(.text)
    ADC1SS0_Handler                          0x0000039b   Thumb Code     2  startup_tm4c123.o(.text)
    ADC1SS1_Handler                          0x0000039d   Thumb Code     2  startup_tm4c123.o(.text)
    ADC1SS2_Handler                          0x0000039f   Thumb Code     2  startup_tm4c123.o(.text)
    ADC1SS3_Handler                          0x000003a1   Thumb Code     2  startup_tm4c123.o(.text)
    GPIOJ_Handler                            0x000003a3   Thumb Code     2  startup_tm4c123.o(.text)
    GPIOK_Handler                            0x000003a5   Thumb Code     2  startup_tm4c123.o(.text)
    GPIOL_Handler                            0x000003a7   Thumb Code     2  startup_tm4c123.o(.text)
    SSI2_Handler                             0x000003a9   Thumb Code     2  startup_tm4c123.o(.text)
    SSI3_Handler                             0x000003ab   Thumb Code     2  startup_tm4c123.o(.text)
    UART3_Handler                            0x000003ad   Thumb Code     2  startup_tm4c123.o(.text)
    UART4_Handler                            0x000003af   Thumb Code     2  startup_tm4c123.o(.text)
    UART5_Handler                            0x000003b1   Thumb Code     2  startup_tm4c123.o(.text)
    UART6_Handler                            0x000003b3   Thumb Code     2  startup_tm4c123.o(.text)
    UART7_Handler                            0x000003b5   Thumb Code     2  startup_tm4c123.o(.text)
    I2C2_Handler                             0x000003b7   Thumb Code     2  startup_tm4c123.o(.text)
    I2C3_Handler                             0x000003b9   Thumb Code     2  startup_tm4c123.o(.text)
    TIMER4A_Handler                          0x000003bb   Thumb Code     2  startup_tm4c123.o(.text)
    TIMER4B_Handler                          0x000003bd   Thumb Code     2  startup_tm4c123.o(.text)
    TIMER5A_Handler                          0x000003bf   Thumb Code     2  startup_tm4c123.o(.text)
    TIMER5B_Handler                          0x000003c1   Thumb Code     2  startup_tm4c123.o(.text)
    WTIMER0A_Handler                         0x000003c3   Thumb Code     2  startup_tm4c123.o(.text)
    WTIMER0B_Handler                         0x000003c5   Thumb Code     2  startup_tm4c123.o(.text)
    WTIMER1A_Handler                         0x000003c7   Thumb Code     2  startup_tm4c123.o(.text)
    WTIMER1B_Handler                         0x000003c9   Thumb Code     2  startup_tm4c123.o(.text)
    WTIMER2A_Handler                         0x000003cb   Thumb Code     2  startup_tm4c123.o(.text)
    WTIMER2B_Handler                         0x000003cd   Thumb Code     2  startup_tm4c123.o(.text)
    WTIMER3A_Handler                         0x000003cf   Thumb Code     2  startup_tm4c123.o(.text)
    WTIMER3B_Handler                         0x000003d1   Thumb Code     2  startup_tm4c123.o(.text)
    WTIMER4A_Handler                         0x000003d3   Thumb Code     2  startup_tm4c123.o(.text)
    WTIMER4B_Handler                         0x000003d5   Thumb Code     2  startup_tm4c123.o(.text)
    WTIMER5A_Handler                         0x000003d7   Thumb Code     2  startup_tm4c123.o(.text)
    WTIMER5B_Handler                         0x000003d9   Thumb Code     2  startup_tm4c123.o(.text)
    FPU_Handler                              0x000003db   Thumb Code     2  startup_tm4c123.o(.text)
    I2C4_Handler                             0x000003dd   Thumb Code     2  startup_tm4c123.o(.text)
    I2C5_Handler                             0x000003df   Thumb Code     2  startup_tm4c123.o(.text)
    GPIOM_Handler                            0x000003e1   Thumb Code     2  startup_tm4c123.o(.text)
    GPION_Handler                            0x000003e3   Thumb Code     2  startup_tm4c123.o(.text)
    QEI2_Handler                             0x000003e5   Thumb Code     2  startup_tm4c123.o(.text)
    GPIOP0_Handler                           0x000003e7   Thumb Code     2  startup_tm4c123.o(.text)
    GPIOP1_Handler                           0x000003e9   Thumb Code     2  startup_tm4c123.o(.text)
    GPIOP2_Handler                           0x000003eb   Thumb Code     2  startup_tm4c123.o(.text)
    GPIOP3_Handler                           0x000003ed   Thumb Code     2  startup_tm4c123.o(.text)
    GPIOP4_Handler                           0x000003ef   Thumb Code     2  startup_tm4c123.o(.text)
    GPIOP5_Handler                           0x000003f1   Thumb Code     2  startup_tm4c123.o(.text)
    GPIOP6_Handler                           0x000003f3   Thumb Code     2  startup_tm4c123.o(.text)
    GPIOP7_Handler                           0x000003f5   Thumb Code     2  startup_tm4c123.o(.text)
    GPIOQ0_Handler                           0x000003f7   Thumb Code     2  startup_tm4c123.o(.text)
    GPIOQ1_Handler                           0x000003f9   Thumb Code     2  startup_tm4c123.o(.text)
    GPIOQ2_Handler                           0x000003fb   Thumb Code     2  startup_tm4c123.o(.text)
    GPIOQ3_Handler                           0x000003fd   Thumb Code     2  startup_tm4c123.o(.text)
    GPIOQ4_Handler                           0x000003ff   Thumb Code     2  startup_tm4c123.o(.text)
    GPIOQ5_Handler                           0x00000401   Thumb Code     2  startup_tm4c123.o(.text)
    GPIOQ6_Handler                           0x00000403   Thumb Code     2  startup_tm4c123.o(.text)
    GPIOQ7_Handler                           0x00000405   Thumb Code     2  startup_tm4c123.o(.text)
    GPIOR_Handler                            0x00000407   Thumb Code     2  startup_tm4c123.o(.text)
    GPIOS_Handler                            0x00000409   Thumb Code     2  startup_tm4c123.o(.text)
    PMW1_0_Handler                           0x0000040b   Thumb Code     2  startup_tm4c123.o(.text)
    PWM1_1_Handler                           0x0000040d   Thumb Code     2  startup_tm4c123.o(.text)
    PWM1_2_Handler                           0x0000040f   Thumb Code     2  startup_tm4c123.o(.text)
    PWM1_3_Handler                           0x00000411   Thumb Code     2  startup_tm4c123.o(.text)
    PWM1_FAULT_Handler                       0x00000413   Thumb Code     2  startup_tm4c123.o(.text)
    __user_initial_stackheap                 0x00000415   Thumb Code     0  startup_tm4c123.o(.text)
    SysTick_Init()                           0x00000435   Thumb Code    14  main.o(.text)
    SysTick_Wait(unsigned)                   0x00000443   Thumb Code    30  main.o(.text)
    SysTick_Wait1ms(unsigned)                0x00000461   Thumb Code    22  main.o(.text)
    SysTick_Wait10ms(unsigned)               0x00000477   Thumb Code    22  main.o(.text)
    Wait1ms(unsigned)                        0x0000048d   Thumb Code    16  main.o(.text)
    ST7735_Init()                            0x0000049d   Thumb Code    54  main.o(.text)
    DrawBoard()                              0x000004d3   Thumb Code   430  main.o(.text)
    DrawArrow(int, sprite)                   0x00000681   Thumb Code   346  main.o(.text)
    selecter(int)                            0x000007db   Thumb Code   174  main.o(.text)
    mainMenu()                               0x00000889   Thumb Code   252  main.o(.text)
    DrawChips()                              0x00000985   Thumb Code   146  main.o(.text)
    initArray()                              0x00000a17   Thumb Code    36  main.o(.text)
    placePiece(int, int)                     0x00000a3b   Thumb Code    82  main.o(.text)
    checkifwon(int, int)                     0x00000a8d   Thumb Code   428  main.o(.text)
    findbestplace()                          0x00000c39   Thumb Code   218  main.o(.text)
    main                                     0x00000d13   Thumb Code  1710  main.o(.text)
    DAC_Init()                               0x000013f1   Thumb Code    42  dac.o(.text)
    DAC_Out(unsigned char)                   0x0000141b   Thumb Code     8  dac.o(.text)
    PLL_Init(unsigned)                       0x00001431   Thumb Code   120  pll.o(.text)
    Random_Init(unsigned)                    0x000014ad   Thumb Code     6  random.o(.text)
    Random32()                               0x000014b3   Thumb Code    22  random.o(.text)
    Random()                                 0x000014c9   Thumb Code    24  random.o(.text)
    Delay1ms(unsigned)                       0x0000154d   Thumb Code    32  st7735.o(.text)
    ST7735_FillRect(short, short, short, short, unsigned short) 0x00001783   Thumb Code   168  st7735.o(.text)
    ST7735_FillScreen(unsigned short)        0x0000182b   Thumb Code    28  st7735.o(.text)
    ST7735_SetCursor(unsigned, unsigned)     0x00001847   Thumb Code    22  st7735.o(.text)
    ST7735_InitB()                           0x0000185d   Thumb Code    32  st7735.o(.text)
    ST7735_InitR(initRFlags)                 0x0000187d   Thumb Code   188  st7735.o(.text)
    ST7735_DrawPixel(short, short, unsigned short) 0x0000194b   Thumb Code    68  st7735.o(.text)
    ST7735_DrawFastVLine(short, short, short, unsigned short) 0x0000198f   Thumb Code   120  st7735.o(.text)
    ST7735_DrawFastHLine(short, short, short, unsigned short) 0x00001a07   Thumb Code   120  st7735.o(.text)
    ST7735_DrawSmallCircle(short, short, unsigned short) 0x00001a7f   Thumb Code   158  st7735.o(.text)
    ST7735_DrawCircle(short, short, unsigned short) 0x00001b1d   Thumb Code   158  st7735.o(.text)
    ST7735_Color565(unsigned char, unsigned char, unsigned char) 0x00001bbb   Thumb Code    24  st7735.o(.text)
    ST7735_SwapColor(unsigned short)         0x00001bd3   Thumb Code    18  st7735.o(.text)
    ST7735_DrawBitmap(short, short, const unsigned short*, short, short) 0x00001be5   Thumb Code   284  st7735.o(.text)
    ST7735_DrawCharS(short, short, char, short, short, unsigned char) 0x00001d01   Thumb Code   252  st7735.o(.text)
    ST7735_DrawChar(short, short, char, short, short, unsigned char) 0x00001dfd   Thumb Code   264  st7735.o(.text)
    ST7735_DrawString(unsigned short, unsigned short, char*, short) 0x00001f05   Thumb Code    84  st7735.o(.text)
    ST7735_DrawStringS(unsigned short, unsigned short, char*, short, int) 0x00001f59   Thumb Code    90  st7735.o(.text)
    fillmessage(unsigned)                    0x00001fb3   Thumb Code    64  st7735.o(.text)
    ST7735_OutUDec(unsigned)                 0x00001ff3   Thumb Code   118  st7735.o(.text)
    ST7735_SetRotation(unsigned char)        0x00002069   Thumb Code   200  st7735.o(.text)
    ST7735_InvertDisplay(int)                0x00002131   Thumb Code    68  st7735.o(.text)
    ST7735_PlotClear(int, int)               0x00002175   Thumb Code    74  st7735.o(.text)
    ST7735_PlotPoint(int)                    0x000021bf   Thumb Code   136  st7735.o(.text)
    ST7735_PlotLine(int)                     0x00002247   Thumb Code   242  st7735.o(.text)
    ST7735_PlotPoints(int, int)              0x00002339   Thumb Code   154  st7735.o(.text)
    ST7735_PlotBar(int)                      0x000023d3   Thumb Code    72  st7735.o(.text)
    ST7735_PlotdBfs(int)                     0x0000241b   Thumb Code    52  st7735.o(.text)
    ST7735_PlotNext()                        0x0000244f   Thumb Code    28  st7735.o(.text)
    ST7735_PlotNextErase()                   0x0000246b   Thumb Code    58  st7735.o(.text)
    ST7735_OutChar                           0x000024a5   Thumb Code   176  st7735.o(.text)
    ST7735_OutString                         0x00002555   Thumb Code    22  st7735.o(.text)
    ST7735_SetTextColor(unsigned short)      0x0000256b   Thumb Code     6  st7735.o(.text)
    Output_Init()                            0x00002571   Thumb Code    76  st7735.o(.text)
    Output_Clear()                           0x000025bd   Thumb Code    10  st7735.o(.text)
    Output_Off()                             0x000025c7   Thumb Code     8  st7735.o(.text)
    Output_On()                              0x000025cf   Thumb Code     8  st7735.o(.text)
    Output_Color(unsigned)                   0x000025d7   Thumb Code    12  st7735.o(.text)
    ADC_Init()                               0x000025e5   Thumb Code   226  slidepot.o(.text)
    ADC_In()                                 0x000026c7   Thumb Code    44  slidepot.o(.text)
    SlidePot::SlidePot(unsigned, unsigned)   0x000026f3   Thumb Code     6  slidepot.o(.text)
    SlidePot::SlidePot__sub_object(unsigned, unsigned) 0x000026f3   Thumb Code     0  slidepot.o(.text)
    SlidePot::Save(unsigned)                 0x000026f9   Thumb Code    22  slidepot.o(.text)
    SlidePot::Sync()                         0x0000270f   Thumb Code    14  slidepot.o(.text)
    SlidePot::Convert(unsigned)              0x0000271d   Thumb Code    14  slidepot.o(.text)
    SlidePot::ADCsample()                    0x0000272b   Thumb Code     6  slidepot.o(.text)
    SlidePot::Distance()                     0x00002731   Thumb Code     6  slidepot.o(.text)
    SoundTask()                              0x0000274d   Thumb Code    50  sound.o(.text)
    Sound_Init()                             0x0000277f   Thumb Code    26  sound.o(.text)
    Sound_Play(const unsigned char*, unsigned) 0x00002799   Thumb Code    20  sound.o(.text)
    Sound_click()                            0x000027ad   Thumb Code    14  sound.o(.text)
    Sound_win()                              0x000027bb   Thumb Code    14  sound.o(.text)
    Sound_lose()                             0x000027c9   Thumb Code    14  sound.o(.text)
    Timer0_Init(void(*)(), unsigned)         0x000027f1   Thumb Code    74  timer0.o(.text)
    TIMER0A_Handler                          0x0000283b   Thumb Code    16  timer0.o(.text)
    Flag_Init(int*, int*)                    0x00002861   Thumb Code    10  timer1.o(.text)
    Button_Init()                            0x0000286b   Thumb Code   218  timer1.o(.text)
    GPIOF_Handler                            0x00002945   Thumb Code   100  timer1.o(.text)
    sprite::sprite(unsigned, unsigned, const unsigned short*, unsigned, unsigned) 0x000029dd   Thumb Code    18  uart.o(.text)
    sprite::sprite__sub_object(unsigned, unsigned, const unsigned short*, unsigned, unsigned) 0x000029dd   Thumb Code     0  uart.o(.text)
    sprite::move(unsigned, unsigned)         0x000029ef   Thumb Code     6  uart.o(.text)
    sprite::print()                          0x000029f5   Thumb Code    30  uart.o(.text)
    __use_two_region_memory                  0x00002a13   Thumb Code     2  heapauxi.o(.text)
    __rt_heap_escrow$2region                 0x00002a15   Thumb Code     2  heapauxi.o(.text)
    __rt_heap_expand$2region                 0x00002a17   Thumb Code     2  heapauxi.o(.text)
    __cpp_initialize__aeabi_                 0x00002a19   Thumb Code    26  init_aeabi.o(.text)
    __user_setup_stackheap                   0x00002a3d   Thumb Code    74  sys_stackheap_outer.o(.text)
    exit                                     0x00002a87   Thumb Code    18  exit.o(.text)
    __user_libspace                          0x00002a99   Thumb Code     8  libspace.o(.text)
    __user_perproc_libspace                  0x00002a99   Thumb Code     0  libspace.o(.text)
    __user_perthread_libspace                0x00002a99   Thumb Code     0  libspace.o(.text)
    __I$use$semihosting                      0x00002aa1   Thumb Code     0  use_no_semi.o(.text)
    __use_no_semihosting_swi                 0x00002aa1   Thumb Code     2  use_no_semi.o(.text)
    __semihosting_library_function           0x00002aa3   Thumb Code     0  indicate_semi.o(.text)
    _sys_exit                                0x00002aa5   Thumb Code     8  sys_exit.o(.text)
    Region$$Table$$Base                      0x0000eb78   Number         0  anon$$obj.o(Region$$Table)
    Region$$Table$$Limit                     0x0000eb98   Number         0  anon$$obj.o(Region$$Table)
    SHT$$INIT_ARRAY$$Base                    0x0000eb98   Number         0  main.o(.init_array)
    SHT$$INIT_ARRAY$$Limit                   0x0000eb9c   Number         0  init_aeabi.o(.init_array)
    colpre                                   0x20000000   Data           4  main.o(.data)
    strings                                  0x20000004   Data         112  main.o(.data)
    language                                 0x20000074   Data           4  main.o(.data)
    F4Pressed                                0x20000078   Data           4  main.o(.data)
    F0Pressed                                0x2000007c   Data           4  main.o(.data)
    Total_Chips                              0x20000080   Data           4  main.o(.data)
    Score1                                   0x20000084   Data           4  main.o(.data)
    Score2                                   0x20000088   Data           4  main.o(.data)
    StX                                      0x20000090   Data           4  st7735.o(.data)
    StY                                      0x20000094   Data           4  st7735.o(.data)
    StTextColor                              0x20000098   Data           2  st7735.o(.data)
    Messageindex                             0x200000a4   Data           4  st7735.o(.data)
    Ymax                                     0x200000a8   Data           4  st7735.o(.data)
    Ymin                                     0x200000ac   Data           4  st7735.o(.data)
    X                                        0x200000b0   Data           4  st7735.o(.data)
    Yrange                                   0x200000b4   Data           4  st7735.o(.data)
    lastj                                    0x200000b8   Data           4  st7735.o(.data)
    Length                                   0x200000bc   Data           4  sound.o(.data)
    SoundPt                                  0x200000c0   Data           4  sound.o(.data)
    PeriodicTask0                            0x200000c4   Data           4  timer0.o(.data)
    F0                                       0x200000c8   Data           4  timer1.o(.data)
    F4                                       0x200000cc   Data           4  timer1.o(.data)
    Paused                                   0x200000d0   Data           4  timer1.o(.data)
    my                                       0x200000d4   Data          20  main.o(.bss)
    array                                    0x200000e8   Data          42  main.o(.bss)
    Message                                  0x20000112   Data          12  st7735.o(.bss)
    __libspace_start                         0x20000120   Data          96  libspace.o(.bss)
    __temporary_stack_top$libspace           0x20000180   Data           0  libspace.o(.bss)



==============================================================================

Memory Map of the image

  Image Entry point : 0x0000026d

  Load Region LR_IROM1 (Base: 0x00000000, Size: 0x0000ec70, Max: 0x00040000, ABSOLUTE)

    Execution Region ER_IROM1 (Exec base: 0x00000000, Load base: 0x00000000, Size: 0x0000eb9c, Max: 0x00040000, ABSOLUTE)

    Exec Addr    Load Addr    Size         Type   Attr      Idx    E Section Name        Object

    0x00000000   0x00000000   0x0000026c   Data   RO            3    RESET               startup_tm4c123.o
    0x0000026c   0x0000026c   0x00000008   Code   RO          230  * !!!main             c_w.l(__main.o)
    0x00000274   0x00000274   0x00000034   Code   RO          393    !!!scatter          c_w.l(__scatter.o)
    0x000002a8   0x000002a8   0x0000001a   Code   RO          395    !!handler_copy      c_w.l(__scatter_copy.o)
    0x000002c2   0x000002c2   0x00000002   PAD
    0x000002c4   0x000002c4   0x0000001c   Code   RO          397    !!handler_zi        c_w.l(__scatter_zi.o)
    0x000002e0   0x000002e0   0x00000002   Code   RO          316    .ARM.Collect$$libinit$$00000000  c_w.l(libinit.o)
    0x000002e2   0x000002e2   0x00000000   Code   RO          240    .ARM.Collect$$libinit$$00000002  c_w.l(libinit2.o)
    0x000002e2   0x000002e2   0x00000000   Code   RO          242    .ARM.Collect$$libinit$$00000004  c_w.l(libinit2.o)
    0x000002e2   0x000002e2   0x00000000   Code   RO          245    .ARM.Collect$$libinit$$0000000A  c_w.l(libinit2.o)
    0x000002e2   0x000002e2   0x00000000   Code   RO          247    .ARM.Collect$$libinit$$0000000C  c_w.l(libinit2.o)
    0x000002e2   0x000002e2   0x00000000   Code   RO          249    .ARM.Collect$$libinit$$0000000E  c_w.l(libinit2.o)
    0x000002e2   0x000002e2   0x00000000   Code   RO          252    .ARM.Collect$$libinit$$00000011  c_w.l(libinit2.o)
    0x000002e2   0x000002e2   0x00000000   Code   RO          254    .ARM.Collect$$libinit$$00000013  c_w.l(libinit2.o)
    0x000002e2   0x000002e2   0x00000000   Code   RO          256    .ARM.Collect$$libinit$$00000015  c_w.l(libinit2.o)
    0x000002e2   0x000002e2   0x00000000   Code   RO          258    .ARM.Collect$$libinit$$00000017  c_w.l(libinit2.o)
    0x000002e2   0x000002e2   0x00000000   Code   RO          260    .ARM.Collect$$libinit$$00000019  c_w.l(libinit2.o)
    0x000002e2   0x000002e2   0x00000000   Code   RO          262    .ARM.Collect$$libinit$$0000001B  c_w.l(libinit2.o)
    0x000002e2   0x000002e2   0x00000000   Code   RO          264    .ARM.Collect$$libinit$$0000001D  c_w.l(libinit2.o)
    0x000002e2   0x000002e2   0x00000000   Code   RO          266    .ARM.Collect$$libinit$$0000001F  c_w.l(libinit2.o)
    0x000002e2   0x000002e2   0x00000000   Code   RO          268    .ARM.Collect$$libinit$$00000021  c_w.l(libinit2.o)
    0x000002e2   0x000002e2   0x00000000   Code   RO          270    .ARM.Collect$$libinit$$00000023  c_w.l(libinit2.o)
    0x000002e2   0x000002e2   0x00000000   Code   RO          272    .ARM.Collect$$libinit$$00000025  c_w.l(libinit2.o)
    0x000002e2   0x000002e2   0x00000000   Code   RO          276    .ARM.Collect$$libinit$$0000002C  c_w.l(libinit2.o)
    0x000002e2   0x000002e2   0x00000000   Code   RO          278    .ARM.Collect$$libinit$$0000002E  c_w.l(libinit2.o)
    0x000002e2   0x000002e2   0x00000000   Code   RO          280    .ARM.Collect$$libinit$$00000030  c_w.l(libinit2.o)
    0x000002e2   0x000002e2   0x00000004   Code   RO          281    .ARM.Collect$$libinit$$00000031  c_w.l(libinit2.o)
    0x000002e6   0x000002e6   0x00000000   Code   RO          282    .ARM.Collect$$libinit$$00000032  c_w.l(libinit2.o)
    0x000002e6   0x000002e6   0x00000002   Code   RO          283    .ARM.Collect$$libinit$$00000033  c_w.l(libinit2.o)
    0x000002e8   0x000002e8   0x00000002   Code   RO          354    .ARM.Collect$$libshutdown$$00000000  c_w.l(libshutdown.o)
    0x000002ea   0x000002ea   0x00000000   Code   RO          360    .ARM.Collect$$libshutdown$$00000002  c_w.l(libshutdown2.o)
    0x000002ea   0x000002ea   0x00000000   Code   RO          362    .ARM.Collect$$libshutdown$$00000004  c_w.l(libshutdown2.o)
    0x000002ea   0x000002ea   0x00000000   Code   RO          365    .ARM.Collect$$libshutdown$$00000007  c_w.l(libshutdown2.o)
    0x000002ea   0x000002ea   0x00000000   Code   RO          368    .ARM.Collect$$libshutdown$$0000000A  c_w.l(libshutdown2.o)
    0x000002ea   0x000002ea   0x00000000   Code   RO          370    .ARM.Collect$$libshutdown$$0000000C  c_w.l(libshutdown2.o)
    0x000002ea   0x000002ea   0x00000000   Code   RO          373    .ARM.Collect$$libshutdown$$0000000F  c_w.l(libshutdown2.o)
    0x000002ea   0x000002ea   0x00000002   Code   RO          374    .ARM.Collect$$libshutdown$$00000010  c_w.l(libshutdown2.o)
    0x000002ec   0x000002ec   0x00000000   Code   RO          238    .ARM.Collect$$rtentry$$00000000  c_w.l(__rtentry.o)
    0x000002ec   0x000002ec   0x00000000   Code   RO          285    .ARM.Collect$$rtentry$$00000002  c_w.l(__rtentry2.o)
    0x000002ec   0x000002ec   0x00000006   Code   RO          297    .ARM.Collect$$rtentry$$00000004  c_w.l(__rtentry4.o)
    0x000002f2   0x000002f2   0x00000000   Code   RO          287    .ARM.Collect$$rtentry$$00000009  c_w.l(__rtentry2.o)
    0x000002f2   0x000002f2   0x00000004   Code   RO          288    .ARM.Collect$$rtentry$$0000000A  c_w.l(__rtentry2.o)
    0x000002f6   0x000002f6   0x00000000   Code   RO          290    .ARM.Collect$$rtentry$$0000000C  c_w.l(__rtentry2.o)
    0x000002f6   0x000002f6   0x00000008   Code   RO          291    .ARM.Collect$$rtentry$$0000000D  c_w.l(__rtentry2.o)
    0x000002fe   0x000002fe   0x00000002   Code   RO          322    .ARM.Collect$$rtexit$$00000000  c_w.l(rtexit.o)
    0x00000300   0x00000300   0x00000000   Code   RO          334    .ARM.Collect$$rtexit$$00000002  c_w.l(rtexit2.o)
    0x00000300   0x00000300   0x00000004   Code   RO          335    .ARM.Collect$$rtexit$$00000003  c_w.l(rtexit2.o)
    0x00000304   0x00000304   0x00000006   Code   RO          336    .ARM.Collect$$rtexit$$00000004  c_w.l(rtexit2.o)
    0x0000030a   0x0000030a   0x00000002   PAD
    0x0000030c   0x0000030c   0x00000128   Code   RO            4    .text               startup_tm4c123.o
    0x00000434   0x00000434   0x00000fbc   Code   RO           10    .text               main.o
    0x000013f0   0x000013f0   0x00000040   Code   RO           66    .text               dac.o
    0x00001430   0x00001430   0x0000007c   Code   RO           85    .text               pll.o
    0x000014ac   0x000014ac   0x00000040   Code   RO           98    .text               random.o
    0x000014ec   0x000014ec   0x000010f6   Code   RO          113    .text               st7735.o
    0x000025e2   0x000025e2   0x00000002   PAD
    0x000025e4   0x000025e4   0x00000168   Code   RO          131    .text               slidepot.o
    0x0000274c   0x0000274c   0x000000a4   Code   RO          144    .text               sound.o
    0x000027f0   0x000027f0   0x00000070   Code   RO          161    .text               timer0.o
    0x00002860   0x00002860   0x0000017c   Code   RO          177    .text               timer1.o
    0x000029dc   0x000029dc   0x00000036   Code   RO          193    .text               uart.o
    0x00002a12   0x00002a12   0x00000006   Code   RO          228    .text               c_w.l(heapauxi.o)
    0x00002a18   0x00002a18   0x00000024   Code   RO          235    .text               c_w.l(init_aeabi.o)
    0x00002a3c   0x00002a3c   0x0000004a   Code   RO          303    .text               c_w.l(sys_stackheap_outer.o)
    0x00002a86   0x00002a86   0x00000012   Code   RO          305    .text               c_w.l(exit.o)
    0x00002a98   0x00002a98   0x00000008   Code   RO          319    .text               c_w.l(libspace.o)
    0x00002aa0   0x00002aa0   0x00000002   Code   RO          330    .text               c_w.l(use_no_semi.o)
    0x00002aa2   0x00002aa2   0x00000000   Code   RO          332    .text               c_w.l(indicate_semi.o)
    0x00002aa2   0x00002aa2   0x00000002   PAD
    0x00002aa4   0x00002aa4   0x0000000c   Code   RO          346    .text               c_w.l(sys_exit.o)
    0x00002ab0   0x00002ab0   0x00000268   Data   RO           13    .constdata          main.o
    0x00002d18   0x00002d18   0x00000842   Data   RO          116    .constdata          st7735.o
    0x0000355a   0x0000355a   0x0000b61b   Data   RO          146    .constdata          sound.o
    0x0000eb75   0x0000eb75   0x00000003   PAD
    0x0000eb78   0x0000eb78   0x00000020   Data   RO          391    Region$$Table       anon$$obj.o
    0x0000eb98   0x0000eb98   0x00000004   Data   RO           15    .init_array         main.o
    0x0000eb9c   0x0000eb98   0x00000000   Data   RO          233    .init_array         c_w.l(init_aeabi.o)


    Execution Region RW_IRAM1 (Exec base: 0x20000000, Load base: 0x0000eb9c, Size: 0x00000980, Max: 0x00008000, ABSOLUTE)

    Exec Addr    Load Addr    Size         Type   Attr      Idx    E Section Name        Object

    0x20000000   0x0000eb9c   0x0000008c   Data   RW           14    .data               main.o
    0x2000008c   0x0000ec28   0x00000004   Data   RW          100    .data               random.o
    0x20000090   0x0000ec2c   0x0000002c   Data   RW          117    .data               st7735.o
    0x200000bc   0x0000ec58   0x00000008   Data   RW          147    .data               sound.o
    0x200000c4   0x0000ec60   0x00000004   Data   RW          163    .data               timer0.o
    0x200000c8   0x0000ec64   0x0000000c   Data   RW          179    .data               timer1.o
    0x200000d4        -       0x0000003e   Zero   RW           12    .bss                main.o
    0x20000112        -       0x0000000c   Zero   RW          115    .bss                st7735.o
    0x2000011e   0x0000ec70   0x00000002   PAD
    0x20000120        -       0x00000060   Zero   RW          320    .bss                c_w.l(libspace.o)
    0x20000180        -       0x00000400   Zero   RW            2    HEAP                startup_tm4c123.o
    0x20000580        -       0x00000400   Zero   RW            1    STACK               startup_tm4c123.o


==============================================================================

Image component sizes


      Code (inc. data)   RO Data    RW Data    ZI Data      Debug   Object Name

        64         14          0          0          0       1731   dac.o
      4028        182        620        140         62      13837   main.o
       124          4          0          0          0        451   pll.o
        64         12          0          4          0        862   random.o
       360         22          0          0          0       1722   slidepot.o
       164         26      46619          8          0       1736   sound.o
      4342        216       2114         44         12      16947   st7735.o
       296         22        620          0       2048       5592   startup_tm4c123.o
       112         22          0          4          0       1178   timer0.o
       380         52          0         12          0       1185   timer1.o
        54          0          0          0          0       2720   uart.o

    ----------------------------------------------------------------------
      9990        572      50008        212       2124      47961   Object Totals
         0          0         32          0          0          0   (incl. Generated)
         2          0          3          0          2          0   (incl. Padding)

    ----------------------------------------------------------------------

      Code (inc. data)   RO Data    RW Data    ZI Data      Debug   Library Member Name

         8          0          0          0          0         68   __main.o
         0          0          0          0          0          0   __rtentry.o
        12          0          0          0          0          0   __rtentry2.o
         6          0          0          0          0          0   __rtentry4.o
        52          8          0          0          0          0   __scatter.o
        26          0          0          0          0          0   __scatter_copy.o
        28          0          0          0          0          0   __scatter_zi.o
        18          0          0          0          0         80   exit.o
         6          0          0          0          0        152   heapauxi.o
         0          0          0          0          0          0   indicate_semi.o
        36         10          0          0          0         80   init_aeabi.o
         2          0          0          0          0          0   libinit.o
         6          0          0          0          0          0   libinit2.o
         2          0          0          0          0          0   libshutdown.o
         2          0          0          0          0          0   libshutdown2.o
         8          4          0          0         96         68   libspace.o
         2          0          0          0          0          0   rtexit.o
        10          0          0          0          0          0   rtexit2.o
        12          4          0          0          0         68   sys_exit.o
        74          0          0          0          0         80   sys_stackheap_outer.o
         2          0          0          0          0         68   use_no_semi.o

    ----------------------------------------------------------------------
       318         26          0          0         96        664   Library Totals
         6          0          0          0          0          0   (incl. Padding)

    ----------------------------------------------------------------------

      Code (inc. data)   RO Data    RW Data    ZI Data      Debug   Library Name

       312         26          0          0         96        664   c_w.l

    ----------------------------------------------------------------------
       318         26          0          0         96        664   Library Totals

    ----------------------------------------------------------------------

==============================================================================


      Code (inc. data)   RO Data    RW Data    ZI Data      Debug   

     10308        598      50008        212       2220      47477   Grand Totals
     10308        598      50008        212       2220      47477   ELF Image Totals
     10308        598      50008        212          0          0   ROM Totals

==============================================================================

    Total RO  Size (Code + RO Data)                60316 (  58.90kB)
    Total RW  Size (RW Data + ZI Data)              2432 (   2.38kB)
    Total ROM Size (Code + RO Data + RW Data)      60528 (  59.11kB)

==============================================================================

